../Core/Src/main.c:140:6:command	16	static
../Core/Src/main.c:191:6:HAL_UARTEx_RxEventCallback	16	static
../Core/Src/main.c:212:5:main	32	static
../Core/Src/main.c:338:6:SystemClock_Config	88	static
../Core/Src/main.c:386:13:MX_CAN1_Init	8	static
../Core/Src/main.c:423:13:MX_I2C1_Init	8	static
../Core/Src/main.c:457:13:MX_TIM7_Init	16	static
../Core/Src/main.c:495:13:MX_USART2_UART_Init	8	static
../Core/Src/main.c:528:13:MX_USART3_UART_Init	8	static
../Core/Src/main.c:559:13:MX_DMA_Init	16	static
../Core/Src/main.c:577:13:MX_GPIO_Init	48	static
../Core/Src/main.c:606:6:HAL_UART_RxCpltCallback	16	static
../Core/Src/main.c:610:6:HAL_TIM_PeriodElapsedCallback	16	static
../Core/Src/main.c:623:6:Error_Handler	4	static,ignoring_inline_asm
