09:07:00 **** Incremental Build of configuration Debug for project Bus_Reseau_Ide ****
make -j3 all 
arm-none-eabi-gcc "../Core/Src/main.c" -mcpu=cortex-m4 -std=gnu11 -g3 -DDEBUG -DUSE_HAL_DRIVER -DSTM32F446xx -c -I../Core/Inc -I../Drivers/STM32F4xx_HAL_Driver/Inc -I../Drivers/STM32F4xx_HAL_Driver/Inc/Legacy -I../Drivers/CMSIS/Device/ST/STM32F4xx/Include -I../Drivers/CMSIS/Include -O0 -ffunction-sections -fdata-sections -Wall -fstack-usage -MMD -MP -MF"Core/Src/main.d" -MT"Core/Src/main.o" --specs=nano.specs -mfpu=fpv4-sp-d16 -mfloat-abi=hard -mthumb -o "Core/Src/main.o"
arm-none-eabi-gcc "../Core/Src/syscalls.c" -mcpu=cortex-m4 -std=gnu11 -g3 -DDEBUG -DUSE_HAL_DRIVER -DSTM32F446xx -c -I../Core/Inc -I../Drivers/STM32F4xx_HAL_Driver/Inc -I../Drivers/STM32F4xx_HAL_Driver/Inc/Legacy -I../Drivers/CMSIS/Device/ST/STM32F4xx/Include -I../Drivers/CMSIS/Include -O0 -ffunction-sections -fdata-sections -Wall -fstack-usage -MMD -MP -MF"Core/Src/syscalls.d" -MT"Core/Src/syscalls.o" --specs=nano.specs -mfpu=fpv4-sp-d16 -mfloat-abi=hard -mthumb -o "Core/Src/syscalls.o"
arm-none-eabi-gcc "../Core/Src/sysmem.c" -mcpu=cortex-m4 -std=gnu11 -g3 -DDEBUG -DUSE_HAL_DRIVER -DSTM32F446xx -c -I../Core/Inc -I../Drivers/STM32F4xx_HAL_Driver/Inc -I../Drivers/STM32F4xx_HAL_Driver/Inc/Legacy -I../Drivers/CMSIS/Device/ST/STM32F4xx/Include -I../Drivers/CMSIS/Include -O0 -ffunction-sections -fdata-sections -Wall -fstack-usage -MMD -MP -MF"Core/Src/sysmem.d" -MT"Core/Src/sysmem.o" --specs=nano.specs -mfpu=fpv4-sp-d16 -mfloat-abi=hard -mthumb -o "Core/Src/sysmem.o"
arm-none-eabi-gcc "../Core/Src/system_stm32f4xx.c" -mcpu=cortex-m4 -std=gnu11 -g3 -DDEBUG -DUSE_HAL_DRIVER -DSTM32F446xx -c -I../Core/Inc -I../Drivers/STM32F4xx_HAL_Driver/Inc -I../Drivers/STM32F4xx_HAL_Driver/Inc/Legacy -I../Drivers/CMSIS/Device/ST/STM32F4xx/Include -I../Drivers/CMSIS/Include -O0 -ffunction-sections -fdata-sections -Wall -fstack-usage -MMD -MP -MF"Core/Src/system_stm32f4xx.d" -MT"Core/Src/system_stm32f4xx.o" --specs=nano.specs -mfpu=fpv4-sp-d16 -mfloat-abi=hard -mthumb -o "Core/Src/system_stm32f4xx.o"
../Core/Src/main.c: In function 'main':
../Core/Src/main.c:100:5: warning: implicit declaration of function 'printf' [-Wimplicit-function-declaration]
  100 |     printf('Test \n \r');
      |     ^~~~~~
../Core/Src/main.c:100:5: warning: incompatible implicit declaration of built-in function 'printf'
../Core/Src/main.c:24:1: note: include '<stdio.h>' or provide a declaration of 'printf'
   23 | #include "gpio.h"
  +++ |+#include <stdio.h>
   24 | 
../Core/Src/main.c:100:12: warning: character constant too long for its type
  100 |     printf('Test \n \r');
      |            ^~~~~~~~~~~~
../Core/Src/main.c:100:12: warning: passing argument 1 of 'printf' makes pointer from integer without a cast [-Wint-conversion]
../Core/Src/main.c:100:12: note: expected 'const char *' but argument is of type 'int'
arm-none-eabi-gcc "../Core/Src/usart.c" -mcpu=cortex-m4 -std=gnu11 -g3 -DDEBUG -DUSE_HAL_DRIVER -DSTM32F446xx -c -I../Core/Inc -I../Drivers/STM32F4xx_HAL_Driver/Inc -I../Drivers/STM32F4xx_HAL_Driver/Inc/Legacy -I../Drivers/CMSIS/Device/ST/STM32F4xx/Include -I../Drivers/CMSIS/Include -O0 -ffunction-sections -fdata-sections -Wall -fstack-usage -MMD -MP -MF"Core/Src/usart.d" -MT"Core/Src/usart.o" --specs=nano.specs -mfpu=fpv4-sp-d16 -mfloat-abi=hard -mthumb -o "Core/Src/usart.o"
arm-none-eabi-gcc -o "Bus_Reseau_Ide.elf" @"objects.list"   -mcpu=cortex-m4 -T"/Users/arthurpellegrin/Desktop/ESE/Bus_Reseau/BusReseauESE/Bus_Reseau_Ide/STM32F446RETX_FLASH.ld" --specs=nosys.specs -Wl,-Map="Bus_Reseau_Ide.map" -Wl,--gc-sections -static --specs=nano.specs -mfpu=fpv4-sp-d16 -mfloat-abi=hard -mthumb -Wl,--start-group -lc -lm -Wl,--end-group
Finished building target: Bus_Reseau_Ide.elf
 
arm-none-eabi-size   Bus_Reseau_Ide.elf 
arm-none-eabi-objdump -h -S  Bus_Reseau_Ide.elf  > "Bus_Reseau_Ide.list"
   text	   data	    bss	    dec	    hex	filename
  14176	    120	   1744	  16040	   3ea8	Bus_Reseau_Ide.elf
Finished building: default.size.stdout
 
Finished building: Bus_Reseau_Ide.list
 
09:08:54 **** Incremental Build of configuration Debug for project Bus_Reseau_Ide ****
make -j3 all 
arm-none-eabi-gcc "../Core/Src/main.c" -mcpu=cortex-m4 -std=gnu11 -g3 -DDEBUG -DUSE_HAL_DRIVER -DSTM32F446xx -c -I../Core/Inc -I../Drivers/STM32F4xx_HAL_Driver/Inc -I../Drivers/STM32F4xx_HAL_Driver/Inc/Legacy -I../Drivers/CMSIS/Device/ST/STM32F4xx/Include -I../Drivers/CMSIS/Include -O0 -ffunction-sections -fdata-sections -Wall -fstack-usage -MMD -MP -MF"Core/Src/main.d" -MT"Core/Src/main.o" --specs=nano.specs -mfpu=fpv4-sp-d16 -mfloat-abi=hard -mthumb -o "Core/Src/main.o"
../Core/Src/main.c: In function 'main':
../Core/Src/main.c:100:5: warning: implicit declaration of function 'printf' [-Wimplicit-function-declaration]
  100 |     printf("Test \n \r");
      |     ^~~~~~
../Core/Src/main.c:100:5: warning: incompatible implicit declaration of built-in function 'printf'
../Core/Src/main.c:24:1: note: include '<stdio.h>' or provide a declaration of 'printf'
   23 | #include "gpio.h"
  +++ |+#include <stdio.h>
   24 | 
arm-none-eabi-gcc -o "Bus_Reseau_Ide.elf" @"objects.list"   -mcpu=cortex-m4 -T"/Users/arthurpellegrin/Desktop/ESE/Bus_Reseau/BusReseauESE/Bus_Reseau_Ide/STM32F446RETX_FLASH.ld" --specs=nosys.specs -Wl,-Map="Bus_Reseau_Ide.map" -Wl,--gc-sections -static --specs=nano.specs -mfpu=fpv4-sp-d16 -mfloat-abi=hard -mthumb -Wl,--start-group -lc -lm -Wl,--end-group
Finished building target: Bus_Reseau_Ide.elf
 
arm-none-eabi-size   Bus_Reseau_Ide.elf 
arm-none-eabi-objdump -h -S  Bus_Reseau_Ide.elf  > "Bus_Reseau_Ide.list"
   text	   data	    bss	    dec	    hex	filename
  14188	    120	   1744	  16052	   3eb4	Bus_Reseau_Ide.elf
Finished building: default.size.stdout
 
Finished building: Bus_Reseau_Ide.list
 
