11:57:46 **** Incremental Build of configuration Debug for project Bus_Reseau_Ide ****
make -j3 all 
arm-none-eabi-gcc "../Core/Src/bmp280.c" -mcpu=cortex-m4 -std=gnu11 -g3 -DDEBUG -DUSE_HAL_DRIVER -DSTM32F446xx -c -I../Core/Inc -I../Drivers/STM32F4xx_HAL_Driver/Inc -I../Drivers/STM32F4xx_HAL_Driver/Inc/Legacy -I../Drivers/CMSIS/Device/ST/STM32F4xx/Include -I../Drivers/CMSIS/Include -O0 -ffunction-sections -fdata-sections -Wall -fstack-usage -MMD -MP -MF"Core/Src/bmp280.d" -MT"Core/Src/bmp280.o" --specs=nano.specs -mfpu=fpv4-sp-d16 -mfloat-abi=hard -mthumb -o "Core/Src/bmp280.o"
arm-none-eabi-gcc "../Core/Src/main.c" -mcpu=cortex-m4 -std=gnu11 -g3 -DDEBUG -DUSE_HAL_DRIVER -DSTM32F446xx -c -I../Core/Inc -I../Drivers/STM32F4xx_HAL_Driver/Inc -I../Drivers/STM32F4xx_HAL_Driver/Inc/Legacy -I../Drivers/CMSIS/Device/ST/STM32F4xx/Include -I../Drivers/CMSIS/Include -O0 -ffunction-sections -fdata-sections -Wall -fstack-usage -MMD -MP -MF"Core/Src/main.d" -MT"Core/Src/main.o" --specs=nano.specs -mfpu=fpv4-sp-d16 -mfloat-abi=hard -mthumb -o "Core/Src/main.o"
../Core/Src/main.c: In function 'main':
../Core/Src/main.c:105:5: warning: implicit declaration of function 'printf' [-Wimplicit-function-declaration]
  105 |     printf("BMP280 Succefully Inited");
      |     ^~~~~~
../Core/Src/main.c:105:5: warning: incompatible implicit declaration of built-in function 'printf'
../Core/Src/main.c:28:1: note: include '<stdio.h>' or provide a declaration of 'printf'
   27 | #include "bmp280.h"
  +++ |+#include <stdio.h>
   28 | /* USER CODE END Includes */
arm-none-eabi-gcc -o "Bus_Reseau_Ide.elf" @"objects.list"   -mcpu=cortex-m4 -T"/Users/arthurpellegrin/Desktop/ESE/Bus_Reseau/BusReseauESE/Bus_Reseau_Ide/STM32F446RETX_FLASH.ld" --specs=nosys.specs -Wl,-Map="Bus_Reseau_Ide.map" -Wl,--gc-sections -static --specs=nano.specs -mfpu=fpv4-sp-d16 -mfloat-abi=hard -mthumb -Wl,--start-group -lc -lm -Wl,--end-group
Finished building target: Bus_Reseau_Ide.elf
 
arm-none-eabi-size   Bus_Reseau_Ide.elf 
arm-none-eabi-objdump -h -S  Bus_Reseau_Ide.elf  > "Bus_Reseau_Ide.list"
   text	   data	    bss	    dec	    hex	filename
  17608	    120	   1744	  19472	   4c10	Bus_Reseau_Ide.elf
Finished building: default.size.stdout
 
Finished building: Bus_Reseau_Ide.list
 
